Archive member included because of file (symbol)

f:/embided_deblom/amit/programs/avr_tool/sdk/sdk_win_64/sdk_win_64/winavr/bin/../lib/gcc/avr/4.3.3/avr5\libgcc.a(_mulsi3.o)
                              ./MCAL/Timer/Timer_Prog.o (__mulsi3)
f:/embided_deblom/amit/programs/avr_tool/sdk/sdk_win_64/sdk_win_64/winavr/bin/../lib/gcc/avr/4.3.3/avr5\libgcc.a(_udivmodqi4.o)
                              ./MCAL/DIO/DIO_Prog.o (__udivmodqi4)
f:/embided_deblom/amit/programs/avr_tool/sdk/sdk_win_64/sdk_win_64/winavr/bin/../lib/gcc/avr/4.3.3/avr5\libgcc.a(_udivmodhi4.o)
                              ./APP/Projects/Projects_Prog.o (__udivmodhi4)
f:/embided_deblom/amit/programs/avr_tool/sdk/sdk_win_64/sdk_win_64/winavr/bin/../lib/gcc/avr/4.3.3/avr5\libgcc.a(_udivmodsi4.o)
                              ./MCAL/Timer/Timer_Prog.o (__udivmodsi4)
f:/embided_deblom/amit/programs/avr_tool/sdk/sdk_win_64/sdk_win_64/winavr/bin/../lib/gcc/avr/4.3.3/avr5\libgcc.a(_divmodsi4.o)
                              ./HAL/LCD/LCD_Prog.o (__divmodsi4)
f:/embided_deblom/amit/programs/avr_tool/sdk/sdk_win_64/sdk_win_64/winavr/bin/../lib/gcc/avr/4.3.3/avr5\libgcc.a(_exit.o)
                              f:/embided_deblom/amit/programs/avr_tool/sdk/sdk_win_64/sdk_win_64/winavr/bin/../lib/gcc/avr/4.3.3/../../../../avr/lib/avr5/crtm32.o (exit)
f:/embided_deblom/amit/programs/avr_tool/sdk/sdk_win_64/sdk_win_64/winavr/bin/../lib/gcc/avr/4.3.3/avr5\libgcc.a(_copy_data.o)
                              ./HAL/Keypad/Keypad_Prog.o (__do_copy_data)
f:/embided_deblom/amit/programs/avr_tool/sdk/sdk_win_64/sdk_win_64/winavr/bin/../lib/gcc/avr/4.3.3/avr5\libgcc.a(_clear_bss.o)
                              ./MCAL/Timer/Timer_Prog.o (__do_clear_bss)
f:/embided_deblom/amit/programs/avr_tool/sdk/sdk_win_64/sdk_win_64/winavr/bin/../lib/gcc/avr/4.3.3/avr5\libgcc.a(_fixunssfsi.o)
                              ./MCAL/Timer/Timer_Prog.o (__fixunssfsi)
f:/embided_deblom/amit/programs/avr_tool/sdk/sdk_win_64/sdk_win_64/winavr/bin/../lib/gcc/avr/4.3.3/avr5\libgcc.a(_addsub_sf.o)
                              ./MCAL/Timer/Timer_Prog.o (__subsf3)
f:/embided_deblom/amit/programs/avr_tool/sdk/sdk_win_64/sdk_win_64/winavr/bin/../lib/gcc/avr/4.3.3/avr5\libgcc.a(_mul_sf.o)
                              ./MCAL/Timer/Timer_Prog.o (__mulsf3)
f:/embided_deblom/amit/programs/avr_tool/sdk/sdk_win_64/sdk_win_64/winavr/bin/../lib/gcc/avr/4.3.3/avr5\libgcc.a(_div_sf.o)
                              ./MCAL/Timer/Timer_Prog.o (__divsf3)
f:/embided_deblom/amit/programs/avr_tool/sdk/sdk_win_64/sdk_win_64/winavr/bin/../lib/gcc/avr/4.3.3/avr5\libgcc.a(_gt_sf.o)
                              ./HAL/PushButton/PushButton_Prog.o (__gtsf2)
f:/embided_deblom/amit/programs/avr_tool/sdk/sdk_win_64/sdk_win_64/winavr/bin/../lib/gcc/avr/4.3.3/avr5\libgcc.a(_ge_sf.o)
                              f:/embided_deblom/amit/programs/avr_tool/sdk/sdk_win_64/sdk_win_64/winavr/bin/../lib/gcc/avr/4.3.3/avr5\libgcc.a(_fixunssfsi.o) (__gesf2)
f:/embided_deblom/amit/programs/avr_tool/sdk/sdk_win_64/sdk_win_64/winavr/bin/../lib/gcc/avr/4.3.3/avr5\libgcc.a(_lt_sf.o)
                              ./HAL/PushButton/PushButton_Prog.o (__ltsf2)
f:/embided_deblom/amit/programs/avr_tool/sdk/sdk_win_64/sdk_win_64/winavr/bin/../lib/gcc/avr/4.3.3/avr5\libgcc.a(_sf_to_si.o)
                              f:/embided_deblom/amit/programs/avr_tool/sdk/sdk_win_64/sdk_win_64/winavr/bin/../lib/gcc/avr/4.3.3/avr5\libgcc.a(_fixunssfsi.o) (__fixsfsi)
f:/embided_deblom/amit/programs/avr_tool/sdk/sdk_win_64/sdk_win_64/winavr/bin/../lib/gcc/avr/4.3.3/avr5\libgcc.a(_thenan_sf.o)
                              f:/embided_deblom/amit/programs/avr_tool/sdk/sdk_win_64/sdk_win_64/winavr/bin/../lib/gcc/avr/4.3.3/avr5\libgcc.a(_addsub_sf.o) (__thenan_sf)
f:/embided_deblom/amit/programs/avr_tool/sdk/sdk_win_64/sdk_win_64/winavr/bin/../lib/gcc/avr/4.3.3/avr5\libgcc.a(_usi_to_sf.o)
                              ./MCAL/Timer/Timer_Prog.o (__floatunsisf)
f:/embided_deblom/amit/programs/avr_tool/sdk/sdk_win_64/sdk_win_64/winavr/bin/../lib/gcc/avr/4.3.3/avr5\libgcc.a(_prologue.o)
                              f:/embided_deblom/amit/programs/avr_tool/sdk/sdk_win_64/sdk_win_64/winavr/bin/../lib/gcc/avr/4.3.3/avr5\libgcc.a(_addsub_sf.o) (__prologue_saves__)
f:/embided_deblom/amit/programs/avr_tool/sdk/sdk_win_64/sdk_win_64/winavr/bin/../lib/gcc/avr/4.3.3/avr5\libgcc.a(_epilogue.o)
                              f:/embided_deblom/amit/programs/avr_tool/sdk/sdk_win_64/sdk_win_64/winavr/bin/../lib/gcc/avr/4.3.3/avr5\libgcc.a(_addsub_sf.o) (__epilogue_restores__)
f:/embided_deblom/amit/programs/avr_tool/sdk/sdk_win_64/sdk_win_64/winavr/bin/../lib/gcc/avr/4.3.3/avr5\libgcc.a(_clzsi2.o)
                              f:/embided_deblom/amit/programs/avr_tool/sdk/sdk_win_64/sdk_win_64/winavr/bin/../lib/gcc/avr/4.3.3/avr5\libgcc.a(_usi_to_sf.o) (__clzsi2)
f:/embided_deblom/amit/programs/avr_tool/sdk/sdk_win_64/sdk_win_64/winavr/bin/../lib/gcc/avr/4.3.3/avr5\libgcc.a(_pack_sf.o)
                              f:/embided_deblom/amit/programs/avr_tool/sdk/sdk_win_64/sdk_win_64/winavr/bin/../lib/gcc/avr/4.3.3/avr5\libgcc.a(_addsub_sf.o) (__pack_f)
f:/embided_deblom/amit/programs/avr_tool/sdk/sdk_win_64/sdk_win_64/winavr/bin/../lib/gcc/avr/4.3.3/avr5\libgcc.a(_unpack_sf.o)
                              f:/embided_deblom/amit/programs/avr_tool/sdk/sdk_win_64/sdk_win_64/winavr/bin/../lib/gcc/avr/4.3.3/avr5\libgcc.a(_addsub_sf.o) (__unpack_f)
f:/embided_deblom/amit/programs/avr_tool/sdk/sdk_win_64/sdk_win_64/winavr/bin/../lib/gcc/avr/4.3.3/avr5\libgcc.a(_fpcmp_parts_sf.o)
                              f:/embided_deblom/amit/programs/avr_tool/sdk/sdk_win_64/sdk_win_64/winavr/bin/../lib/gcc/avr/4.3.3/avr5\libgcc.a(_gt_sf.o) (__fpcmp_parts_f)
f:/embided_deblom/amit/programs/avr_tool/sdk/sdk_win_64/sdk_win_64/winavr/bin/../lib/gcc/avr/4.3.3/avr5\libgcc.a(_clz.o)
                              f:/embided_deblom/amit/programs/avr_tool/sdk/sdk_win_64/sdk_win_64/winavr/bin/../lib/gcc/avr/4.3.3/avr5\libgcc.a(_clzsi2.o) (__clz_tab)

Allocating common symbols
Common symbol       size              file

Timer_CallBack      0x2               ./MCAL/Timer/Timer_Prog.o

Memory Configuration

Name             Origin             Length             Attributes
text             0x00000000         0x00020000         xr
data             0x00800060         0x0000ffa0         rw !x
eeprom           0x00810000         0x00010000         rw !x
fuse             0x00820000         0x00000400         rw !x
lock             0x00830000         0x00000400         rw !x
signature        0x00840000         0x00000400         rw !x
*default*        0x00000000         0xffffffff

Linker script and memory map

LOAD f:/embided_deblom/amit/programs/avr_tool/sdk/sdk_win_64/sdk_win_64/winavr/bin/../lib/gcc/avr/4.3.3/../../../../avr/lib/avr5/crtm32.o
LOAD ./MCAL/WDT/WDT_Prog.o
LOAD ./MCAL/UART/UART_Prog.o
LOAD ./MCAL/Timer/Timer_Prog.o
LOAD ./MCAL/I2C/I2C_Prog.o
LOAD ./MCAL/GIE/GIE_Prog.o
LOAD ./MCAL/EXINT/EXINT_Prog.o
LOAD ./MCAL/DIO/DIO_Prog.o
LOAD ./MCAL/ADC/ADC_Prog.o
LOAD ./HAL/SSD/SSD_Prog.o
LOAD ./HAL/Relay/Relay_Prog.o
LOAD ./HAL/PushButton/PushButton_Prog.o
LOAD ./HAL/LED/LED_Prog.o
LOAD ./HAL/LDR/LDR_Prog.o
LOAD ./HAL/LCD/LCD_Prog.o
LOAD ./HAL/Keypad/Keypad_Prog.o
LOAD ./HAL/Buzzer/Buzzer_Prog.o
LOAD ./APP/Projects/Projects_Prog.o
LOAD f:/embided_deblom/amit/programs/avr_tool/sdk/sdk_win_64/sdk_win_64/winavr/bin/../lib/gcc/avr/4.3.3/avr5\libgcc.a
LOAD f:/embided_deblom/amit/programs/avr_tool/sdk/sdk_win_64/sdk_win_64/winavr/bin/../lib/gcc/avr/4.3.3/../../../../avr/lib/avr5\libc.a
LOAD f:/embided_deblom/amit/programs/avr_tool/sdk/sdk_win_64/sdk_win_64/winavr/bin/../lib/gcc/avr/4.3.3/avr5\libgcc.a

.hash
 *(.hash)

.dynsym
 *(.dynsym)

.dynstr
 *(.dynstr)

.gnu.version
 *(.gnu.version)

.gnu.version_d
 *(.gnu.version_d)

.gnu.version_r
 *(.gnu.version_r)

.rel.init
 *(.rel.init)

.rela.init
 *(.rela.init)

.rel.text
 *(.rel.text)
 *(.rel.text.*)
 *(.rel.gnu.linkonce.t*)

.rela.text
 *(.rela.text)
 *(.rela.text.*)
 *(.rela.gnu.linkonce.t*)

.rel.fini
 *(.rel.fini)

.rela.fini
 *(.rela.fini)

.rel.rodata
 *(.rel.rodata)
 *(.rel.rodata.*)
 *(.rel.gnu.linkonce.r*)

.rela.rodata
 *(.rela.rodata)
 *(.rela.rodata.*)
 *(.rela.gnu.linkonce.r*)

.rel.data
 *(.rel.data)
 *(.rel.data.*)
 *(.rel.gnu.linkonce.d*)

.rela.data
 *(.rela.data)
 *(.rela.data.*)
 *(.rela.gnu.linkonce.d*)

.rel.ctors
 *(.rel.ctors)

.rela.ctors
 *(.rela.ctors)

.rel.dtors
 *(.rel.dtors)

.rela.dtors
 *(.rela.dtors)

.rel.got
 *(.rel.got)

.rela.got
 *(.rela.got)

.rel.bss
 *(.rel.bss)

.rela.bss
 *(.rela.bss)

.rel.plt
 *(.rel.plt)

.rela.plt
 *(.rela.plt)

.text           0x00000000     0x404a
 *(.vectors)
 .vectors       0x00000000       0x54 f:/embided_deblom/amit/programs/avr_tool/sdk/sdk_win_64/sdk_win_64/winavr/bin/../lib/gcc/avr/4.3.3/../../../../avr/lib/avr5/crtm32.o
                0x00000000                __vectors
                0x00000000                __vector_default
 *(.vectors)
 *(.progmem.gcc*)
 *(.progmem*)
                0x00000054                . = ALIGN (0x2)
                0x00000054                __trampolines_start = .
 *(.trampolines)
 .trampolines   0x00000054        0x0 linker stubs
 *(.trampolines*)
                0x00000054                __trampolines_end = .
 *(.jumptables)
 *(.jumptables*)
 *(.lowtext)
 *(.lowtext*)
                0x00000054                __ctors_start = .
 *(.ctors)
                0x00000054                __ctors_end = .
                0x00000054                __dtors_start = .
 *(.dtors)
                0x00000054                __dtors_end = .
 SORT(*)(.ctors)
 SORT(*)(.dtors)
 *(.init0)
 .init0         0x00000054        0x0 f:/embided_deblom/amit/programs/avr_tool/sdk/sdk_win_64/sdk_win_64/winavr/bin/../lib/gcc/avr/4.3.3/../../../../avr/lib/avr5/crtm32.o
                0x00000054                __init
 *(.init0)
 *(.init1)
 *(.init1)
 *(.init2)
 .init2         0x00000054        0xc f:/embided_deblom/amit/programs/avr_tool/sdk/sdk_win_64/sdk_win_64/winavr/bin/../lib/gcc/avr/4.3.3/../../../../avr/lib/avr5/crtm32.o
 *(.init2)
 *(.init3)
 *(.init3)
 *(.init4)
 .init4         0x00000060       0x16 f:/embided_deblom/amit/programs/avr_tool/sdk/sdk_win_64/sdk_win_64/winavr/bin/../lib/gcc/avr/4.3.3/avr5\libgcc.a(_copy_data.o)
                0x00000060                __do_copy_data
 .init4         0x00000076       0x10 f:/embided_deblom/amit/programs/avr_tool/sdk/sdk_win_64/sdk_win_64/winavr/bin/../lib/gcc/avr/4.3.3/avr5\libgcc.a(_clear_bss.o)
                0x00000076                __do_clear_bss
 *(.init4)
 *(.init5)
 *(.init5)
 *(.init6)
 *(.init6)
 *(.init7)
 *(.init7)
 *(.init8)
 *(.init8)
 *(.init9)
 .init9         0x00000086        0x8 f:/embided_deblom/amit/programs/avr_tool/sdk/sdk_win_64/sdk_win_64/winavr/bin/../lib/gcc/avr/4.3.3/../../../../avr/lib/avr5/crtm32.o
 *(.init9)
 *(.text)
 .text          0x0000008e        0x4 f:/embided_deblom/amit/programs/avr_tool/sdk/sdk_win_64/sdk_win_64/winavr/bin/../lib/gcc/avr/4.3.3/../../../../avr/lib/avr5/crtm32.o
                0x0000008e                __vector_1
                0x0000008e                __vector_12
                0x0000008e                __bad_interrupt
                0x0000008e                __vector_6
                0x0000008e                __vector_3
                0x0000008e                __vector_13
                0x0000008e                __vector_17
                0x0000008e                __vector_19
                0x0000008e                __vector_7
                0x0000008e                __vector_5
                0x0000008e                __vector_4
                0x0000008e                __vector_9
                0x0000008e                __vector_2
                0x0000008e                __vector_15
                0x0000008e                __vector_8
                0x0000008e                __vector_14
                0x0000008e                __vector_10
                0x0000008e                __vector_16
                0x0000008e                __vector_18
                0x0000008e                __vector_20
 .text          0x00000092        0x0 ./MCAL/WDT/WDT_Prog.o
 .text          0x00000092        0x0 ./MCAL/UART/UART_Prog.o
 .text          0x00000092        0x0 ./MCAL/Timer/Timer_Prog.o
 .text          0x00000092        0x0 ./MCAL/I2C/I2C_Prog.o
 .text          0x00000092        0x0 ./MCAL/GIE/GIE_Prog.o
 .text          0x00000092        0x0 ./MCAL/EXINT/EXINT_Prog.o
 .text          0x00000092        0x0 ./MCAL/DIO/DIO_Prog.o
 .text          0x00000092        0x0 ./MCAL/ADC/ADC_Prog.o
 .text          0x00000092        0x0 ./HAL/SSD/SSD_Prog.o
 .text          0x00000092        0x0 ./HAL/Relay/Relay_Prog.o
 .text          0x00000092        0x0 ./HAL/PushButton/PushButton_Prog.o
 .text          0x00000092        0x0 ./HAL/LED/LED_Prog.o
 .text          0x00000092        0x0 ./HAL/LDR/LDR_Prog.o
 .text          0x00000092        0x0 ./HAL/LCD/LCD_Prog.o
 .text          0x00000092        0x0 ./HAL/Keypad/Keypad_Prog.o
 .text          0x00000092        0x0 ./HAL/Buzzer/Buzzer_Prog.o
 .text          0x00000092        0x0 ./APP/Projects/Projects_Prog.o
 .text          0x00000092        0x0 f:/embided_deblom/amit/programs/avr_tool/sdk/sdk_win_64/sdk_win_64/winavr/bin/../lib/gcc/avr/4.3.3/avr5\libgcc.a(_mulsi3.o)
 .text          0x00000092        0x0 f:/embided_deblom/amit/programs/avr_tool/sdk/sdk_win_64/sdk_win_64/winavr/bin/../lib/gcc/avr/4.3.3/avr5\libgcc.a(_udivmodqi4.o)
 .text          0x00000092        0x0 f:/embided_deblom/amit/programs/avr_tool/sdk/sdk_win_64/sdk_win_64/winavr/bin/../lib/gcc/avr/4.3.3/avr5\libgcc.a(_udivmodhi4.o)
 .text          0x00000092        0x0 f:/embided_deblom/amit/programs/avr_tool/sdk/sdk_win_64/sdk_win_64/winavr/bin/../lib/gcc/avr/4.3.3/avr5\libgcc.a(_udivmodsi4.o)
 .text          0x00000092        0x0 f:/embided_deblom/amit/programs/avr_tool/sdk/sdk_win_64/sdk_win_64/winavr/bin/../lib/gcc/avr/4.3.3/avr5\libgcc.a(_divmodsi4.o)
 .text          0x00000092        0x0 f:/embided_deblom/amit/programs/avr_tool/sdk/sdk_win_64/sdk_win_64/winavr/bin/../lib/gcc/avr/4.3.3/avr5\libgcc.a(_exit.o)
 .text          0x00000092        0x0 f:/embided_deblom/amit/programs/avr_tool/sdk/sdk_win_64/sdk_win_64/winavr/bin/../lib/gcc/avr/4.3.3/avr5\libgcc.a(_copy_data.o)
 .text          0x00000092        0x0 f:/embided_deblom/amit/programs/avr_tool/sdk/sdk_win_64/sdk_win_64/winavr/bin/../lib/gcc/avr/4.3.3/avr5\libgcc.a(_clear_bss.o)
 .text          0x00000092       0x58 f:/embided_deblom/amit/programs/avr_tool/sdk/sdk_win_64/sdk_win_64/winavr/bin/../lib/gcc/avr/4.3.3/avr5\libgcc.a(_fixunssfsi.o)
                0x00000092                __fixunssfsi
 .text          0x000000ea      0x354 f:/embided_deblom/amit/programs/avr_tool/sdk/sdk_win_64/sdk_win_64/winavr/bin/../lib/gcc/avr/4.3.3/avr5\libgcc.a(_addsub_sf.o)
                0x00000382                __subsf3
                0x000003e4                __addsf3
 .text          0x0000043e      0x1f4 f:/embided_deblom/amit/programs/avr_tool/sdk/sdk_win_64/sdk_win_64/winavr/bin/../lib/gcc/avr/4.3.3/avr5\libgcc.a(_mul_sf.o)
                0x0000043e                __mulsf3
 .text          0x00000632      0x158 f:/embided_deblom/amit/programs/avr_tool/sdk/sdk_win_64/sdk_win_64/winavr/bin/../lib/gcc/avr/4.3.3/avr5\libgcc.a(_div_sf.o)
                0x00000632                __divsf3
 .text          0x0000078a       0x60 f:/embided_deblom/amit/programs/avr_tool/sdk/sdk_win_64/sdk_win_64/winavr/bin/../lib/gcc/avr/4.3.3/avr5\libgcc.a(_gt_sf.o)
                0x0000078a                __gtsf2
 .text          0x000007ea       0x60 f:/embided_deblom/amit/programs/avr_tool/sdk/sdk_win_64/sdk_win_64/winavr/bin/../lib/gcc/avr/4.3.3/avr5\libgcc.a(_ge_sf.o)
                0x000007ea                __gesf2
 .text          0x0000084a       0x60 f:/embided_deblom/amit/programs/avr_tool/sdk/sdk_win_64/sdk_win_64/winavr/bin/../lib/gcc/avr/4.3.3/avr5\libgcc.a(_lt_sf.o)
                0x0000084a                __ltsf2
 .text          0x000008aa       0xa8 f:/embided_deblom/amit/programs/avr_tool/sdk/sdk_win_64/sdk_win_64/winavr/bin/../lib/gcc/avr/4.3.3/avr5\libgcc.a(_sf_to_si.o)
                0x000008aa                __fixsfsi
 .text          0x00000952        0x0 f:/embided_deblom/amit/programs/avr_tool/sdk/sdk_win_64/sdk_win_64/winavr/bin/../lib/gcc/avr/4.3.3/avr5\libgcc.a(_thenan_sf.o)
 .text          0x00000952       0xf2 f:/embided_deblom/amit/programs/avr_tool/sdk/sdk_win_64/sdk_win_64/winavr/bin/../lib/gcc/avr/4.3.3/avr5\libgcc.a(_usi_to_sf.o)
                0x00000952                __floatunsisf
 .text          0x00000a44        0x0 f:/embided_deblom/amit/programs/avr_tool/sdk/sdk_win_64/sdk_win_64/winavr/bin/../lib/gcc/avr/4.3.3/avr5\libgcc.a(_prologue.o)
 .text          0x00000a44        0x0 f:/embided_deblom/amit/programs/avr_tool/sdk/sdk_win_64/sdk_win_64/winavr/bin/../lib/gcc/avr/4.3.3/avr5\libgcc.a(_epilogue.o)
 .text          0x00000a44       0x9e f:/embided_deblom/amit/programs/avr_tool/sdk/sdk_win_64/sdk_win_64/winavr/bin/../lib/gcc/avr/4.3.3/avr5\libgcc.a(_clzsi2.o)
                0x00000a44                __clzsi2
 .text          0x00000ae2      0x1aa f:/embided_deblom/amit/programs/avr_tool/sdk/sdk_win_64/sdk_win_64/winavr/bin/../lib/gcc/avr/4.3.3/avr5\libgcc.a(_pack_sf.o)
                0x00000ae2                __pack_f
 .text          0x00000c8c       0xf0 f:/embided_deblom/amit/programs/avr_tool/sdk/sdk_win_64/sdk_win_64/winavr/bin/../lib/gcc/avr/4.3.3/avr5\libgcc.a(_unpack_sf.o)
                0x00000c8c                __unpack_f
 .text          0x00000d7c       0xb2 f:/embided_deblom/amit/programs/avr_tool/sdk/sdk_win_64/sdk_win_64/winavr/bin/../lib/gcc/avr/4.3.3/avr5\libgcc.a(_fpcmp_parts_sf.o)
                0x00000d7c                __fpcmp_parts_f
 .text          0x00000e2e        0x0 f:/embided_deblom/amit/programs/avr_tool/sdk/sdk_win_64/sdk_win_64/winavr/bin/../lib/gcc/avr/4.3.3/avr5\libgcc.a(_clz.o)
                0x00000e2e                . = ALIGN (0x2)
 *(.text.*)
 .text.M_Timer_Void_TimerInit
                0x00000e2e       0x38 ./MCAL/Timer/Timer_Prog.o
                0x00000e2e                M_Timer_Void_TimerInit
 .text.M_Timer_Void_TimerSetTime
                0x00000e66       0xd6 ./MCAL/Timer/Timer_Prog.o
                0x00000e66                M_Timer_Void_TimerSetTime
 .text.M_Timer_Void_TimerStart
                0x00000f3c       0x8e ./MCAL/Timer/Timer_Prog.o
                0x00000f3c                M_Timer_Void_TimerStart
 .text.M_Timer_Void_TimerStop
                0x00000fca       0x8e ./MCAL/Timer/Timer_Prog.o
                0x00000fca                M_Timer_Void_TimerStop
 .text.M_Timer_Void_PWMInit
                0x00001058       0xc6 ./MCAL/Timer/Timer_Prog.o
                0x00001058                M_Timer_Void_PWMInit
 .text.M_Timer_Void_PWMSetDutyCycle
                0x0000111e       0xc0 ./MCAL/Timer/Timer_Prog.o
                0x0000111e                M_Timer_Void_PWMSetDutyCycle
 .text.M_Timer_Void_PWMStart
                0x000011de       0x1a ./MCAL/Timer/Timer_Prog.o
                0x000011de                M_Timer_Void_PWMStart
 .text.M_Timer_Void_PWMStop
                0x000011f8       0x1a ./MCAL/Timer/Timer_Prog.o
                0x000011f8                M_Timer_Void_PWMStop
 .text.M_Timer_Void_SetCallBack
                0x00001212       0x24 ./MCAL/Timer/Timer_Prog.o
                0x00001212                M_Timer_Void_SetCallBack
 .text.__vector_11
                0x00001236       0xc6 ./MCAL/Timer/Timer_Prog.o
                0x00001236                __vector_11
 .text.M_GIE_Void_GlobalInterruptEnable
                0x000012fc       0x1c ./MCAL/GIE/GIE_Prog.o
                0x000012fc                M_GIE_Void_GlobalInterruptEnable
 .text.M_GIE_Void_GlobalInterruptDisable
                0x00001318       0x1c ./MCAL/GIE/GIE_Prog.o
                0x00001318                M_GIE_Void_GlobalInterruptDisable
 .text.M_DIO_Void_SetPinDirection
                0x00001334      0x22c ./MCAL/DIO/DIO_Prog.o
                0x00001334                M_DIO_Void_SetPinDirection
 .text.M_DIO_Void_SetPinValue
                0x00001560      0x22c ./MCAL/DIO/DIO_Prog.o
                0x00001560                M_DIO_Void_SetPinValue
 .text.M_DIO_Void_GetPinValue
                0x0000178c      0x10e ./MCAL/DIO/DIO_Prog.o
                0x0000178c                M_DIO_Void_GetPinValue
 .text.M_DIO_Void_TogPin
                0x0000189a      0x118 ./MCAL/DIO/DIO_Prog.o
                0x0000189a                M_DIO_Void_TogPin
 .text.M_DIO_Void_SetPinPullUpRes
                0x000019b2      0x22c ./MCAL/DIO/DIO_Prog.o
                0x000019b2                M_DIO_Void_SetPinPullUpRes
 .text.H_PushButton_Void_PushButtonInit
                0x00001bde       0x7e ./HAL/PushButton/PushButton_Prog.o
                0x00001bde                H_PushButton_Void_PushButtonInit
 .text.H_PushButton_U8_PushButtonRead
                0x00001c5c      0x496 ./HAL/PushButton/PushButton_Prog.o
                0x00001c5c                H_PushButton_U8_PushButtonRead
 .text.H_LED_Void_LedInit
                0x000020f2       0x80 ./HAL/LED/LED_Prog.o
                0x000020f2                H_LED_Void_LedInit
 .text.H_LED_Void_LedOn
                0x00002172       0x80 ./HAL/LED/LED_Prog.o
                0x00002172                H_LED_Void_LedOn
 .text.H_LED_Void_LedOff
                0x000021f2       0x80 ./HAL/LED/LED_Prog.o
                0x000021f2                H_LED_Void_LedOff
 .text.H_LED_Void_LedBlink
                0x00002272      0x444 ./HAL/LED/LED_Prog.o
                0x00002272                H_LED_Void_LedBlink
 .text.H_LED_Void_LedTog
                0x000026b6       0x78 ./HAL/LED/LED_Prog.o
                0x000026b6                H_LED_Void_LedTog
 .text.H_Lcd_Void_LCDInit
                0x0000272e       0x62 ./HAL/LCD/LCD_Prog.o
                0x0000272e                H_Lcd_Void_LCDInit
 .text.H_Lcd_Void_LCDWriteCharacter
                0x00002790      0x472 ./HAL/LCD/LCD_Prog.o
                0x00002790                H_Lcd_Void_LCDWriteCharacter
 .text.H_Lcd_Void_LCDWriteCommand
                0x00002c02      0x472 ./HAL/LCD/LCD_Prog.o
                0x00002c02                H_Lcd_Void_LCDWriteCommand
 .text.H_Lcd_Void_LCDWriteString
                0x00003074       0x52 ./HAL/LCD/LCD_Prog.o
                0x00003074                H_Lcd_Void_LCDWriteString
 .text.H_Lcd_Void_LCDClear
                0x000030c6       0x14 ./HAL/LCD/LCD_Prog.o
                0x000030c6                H_Lcd_Void_LCDClear
 .text.H_Lcd_Void_LCDWriteNumber
                0x000030da      0x110 ./HAL/LCD/LCD_Prog.o
                0x000030da                H_Lcd_Void_LCDWriteNumber
 .text.H_Lcd_Void_LCDGoTo
                0x000031ea       0x4e ./HAL/LCD/LCD_Prog.o
                0x000031ea                H_Lcd_Void_LCDGoTo
 .text.H_void_KEYPAD_Init
                0x00003238       0x36 ./HAL/Keypad/Keypad_Prog.o
                0x00003238                H_void_KEYPAD_Init
 .text.H_u8_KEYPAD_GetPressedKey
                0x0000326e       0x1c ./HAL/Keypad/Keypad_Prog.o
                0x0000326e                H_u8_KEYPAD_GetPressedKey
 .text.H_Buzzer_Void_BuzzerInit
                0x0000328a       0x16 ./HAL/Buzzer/Buzzer_Prog.o
                0x0000328a                H_Buzzer_Void_BuzzerInit
 .text.H_Buzzer_Void_BuzzerOn
                0x000032a0       0x16 ./HAL/Buzzer/Buzzer_Prog.o
                0x000032a0                H_Buzzer_Void_BuzzerOn
 .text.H_Buzzer_Void_BuzzerOff
                0x000032b6       0x16 ./HAL/Buzzer/Buzzer_Prog.o
                0x000032b6                H_Buzzer_Void_BuzzerOff
 .text.H_Buzzer_Void_BuzzerTog
                0x000032cc       0x14 ./HAL/Buzzer/Buzzer_Prog.o
                0x000032cc                H_Buzzer_Void_BuzzerTog
 .text.H_Buzzer_Void_BuzzerOnce
                0x000032e0      0x11a ./HAL/Buzzer/Buzzer_Prog.o
                0x000032e0                H_Buzzer_Void_BuzzerOnce
 .text.H_Buzzer_Void_BuzzerTwice
                0x000033fa      0x2f2 ./HAL/Buzzer/Buzzer_Prog.o
                0x000033fa                H_Buzzer_Void_BuzzerTwice
 .text.APP_void_TimeCounter
                0x000036ec       0x20 ./APP/Projects/Projects_Prog.o
                0x000036ec                APP_void_TimeCounter
 .text.APP_void_TimeDisplay
                0x0000370c      0x13a ./APP/Projects/Projects_Prog.o
                0x0000370c                APP_void_TimeDisplay
 .text.APP_void_PrintQuestion
                0x00003846       0x5e ./APP/Projects/Projects_Prog.o
                0x00003846                APP_void_PrintQuestion
 .text.APP_u8_AnsCheck
                0x000038a4      0x10e ./APP/Projects/Projects_Prog.o
                0x000038a4                APP_u8_AnsCheck
 .text.main     0x000039b2      0x52e ./APP/Projects/Projects_Prog.o
                0x000039b2                main
 .text.libgcc   0x00003ee0       0x3e f:/embided_deblom/amit/programs/avr_tool/sdk/sdk_win_64/sdk_win_64/winavr/bin/../lib/gcc/avr/4.3.3/avr5\libgcc.a(_mulsi3.o)
                0x00003ee0                __mulsi3
 .text.libgcc   0x00003f1e       0x18 f:/embided_deblom/amit/programs/avr_tool/sdk/sdk_win_64/sdk_win_64/winavr/bin/../lib/gcc/avr/4.3.3/avr5\libgcc.a(_udivmodqi4.o)
                0x00003f1e                __udivmodqi4
 .text.libgcc   0x00003f36       0x28 f:/embided_deblom/amit/programs/avr_tool/sdk/sdk_win_64/sdk_win_64/winavr/bin/../lib/gcc/avr/4.3.3/avr5\libgcc.a(_udivmodhi4.o)
                0x00003f36                __udivmodhi4
 .text.libgcc   0x00003f5e       0x44 f:/embided_deblom/amit/programs/avr_tool/sdk/sdk_win_64/sdk_win_64/winavr/bin/../lib/gcc/avr/4.3.3/avr5\libgcc.a(_udivmodsi4.o)
                0x00003f5e                __udivmodsi4
 .text.libgcc   0x00003fa2       0x36 f:/embided_deblom/amit/programs/avr_tool/sdk/sdk_win_64/sdk_win_64/winavr/bin/../lib/gcc/avr/4.3.3/avr5\libgcc.a(_divmodsi4.o)
                0x00003fa2                __divmodsi4
 .text.libgcc   0x00003fd8        0x0 f:/embided_deblom/amit/programs/avr_tool/sdk/sdk_win_64/sdk_win_64/winavr/bin/../lib/gcc/avr/4.3.3/avr5\libgcc.a(_exit.o)
 .text.libgcc   0x00003fd8        0x0 f:/embided_deblom/amit/programs/avr_tool/sdk/sdk_win_64/sdk_win_64/winavr/bin/../lib/gcc/avr/4.3.3/avr5\libgcc.a(_copy_data.o)
 .text.libgcc   0x00003fd8        0x0 f:/embided_deblom/amit/programs/avr_tool/sdk/sdk_win_64/sdk_win_64/winavr/bin/../lib/gcc/avr/4.3.3/avr5\libgcc.a(_clear_bss.o)
 .text.libgcc   0x00003fd8       0x38 f:/embided_deblom/amit/programs/avr_tool/sdk/sdk_win_64/sdk_win_64/winavr/bin/../lib/gcc/avr/4.3.3/avr5\libgcc.a(_prologue.o)
                0x00003fd8                __prologue_saves__
 .text.libgcc   0x00004010       0x36 f:/embided_deblom/amit/programs/avr_tool/sdk/sdk_win_64/sdk_win_64/winavr/bin/../lib/gcc/avr/4.3.3/avr5\libgcc.a(_epilogue.o)
                0x00004010                __epilogue_restores__
                0x00004046                . = ALIGN (0x2)
 *(.fini9)
 .fini9         0x00004046        0x0 f:/embided_deblom/amit/programs/avr_tool/sdk/sdk_win_64/sdk_win_64/winavr/bin/../lib/gcc/avr/4.3.3/avr5\libgcc.a(_exit.o)
                0x00004046                exit
                0x00004046                _exit
 *(.fini9)
 *(.fini8)
 *(.fini8)
 *(.fini7)
 *(.fini7)
 *(.fini6)
 *(.fini6)
 *(.fini5)
 *(.fini5)
 *(.fini4)
 *(.fini4)
 *(.fini3)
 *(.fini3)
 *(.fini2)
 *(.fini2)
 *(.fini1)
 *(.fini1)
 *(.fini0)
 .fini0         0x00004046        0x4 f:/embided_deblom/amit/programs/avr_tool/sdk/sdk_win_64/sdk_win_64/winavr/bin/../lib/gcc/avr/4.3.3/avr5\libgcc.a(_exit.o)
 *(.fini0)
                0x0000404a                _etext = .

.data           0x00800060      0x1ae load address 0x0000404a
                0x00800060                PROVIDE (__data_start, .)
 *(.data)
 .data          0x00800060        0x0 f:/embided_deblom/amit/programs/avr_tool/sdk/sdk_win_64/sdk_win_64/winavr/bin/../lib/gcc/avr/4.3.3/../../../../avr/lib/avr5/crtm32.o
 .data          0x00800060        0x0 ./MCAL/WDT/WDT_Prog.o
 .data          0x00800060        0x0 ./MCAL/UART/UART_Prog.o
 .data          0x00800060        0x0 ./MCAL/Timer/Timer_Prog.o
 .data          0x00800060        0x0 ./MCAL/I2C/I2C_Prog.o
 .data          0x00800060        0x0 ./MCAL/GIE/GIE_Prog.o
 .data          0x00800060        0x0 ./MCAL/EXINT/EXINT_Prog.o
 .data          0x00800060        0x0 ./MCAL/DIO/DIO_Prog.o
 .data          0x00800060        0x0 ./MCAL/ADC/ADC_Prog.o
 .data          0x00800060        0x0 ./HAL/SSD/SSD_Prog.o
 .data          0x00800060        0x0 ./HAL/Relay/Relay_Prog.o
 .data          0x00800060        0x0 ./HAL/PushButton/PushButton_Prog.o
 .data          0x00800060        0x0 ./HAL/LED/LED_Prog.o
 .data          0x00800060        0x0 ./HAL/LDR/LDR_Prog.o
 .data          0x00800060        0x0 ./HAL/LCD/LCD_Prog.o
 .data          0x00800060        0x0 ./HAL/Keypad/Keypad_Prog.o
 .data          0x00800060        0x0 ./HAL/Buzzer/Buzzer_Prog.o
 .data          0x00800060       0xa1 ./APP/Projects/Projects_Prog.o
 .data          0x00800101        0x0 f:/embided_deblom/amit/programs/avr_tool/sdk/sdk_win_64/sdk_win_64/winavr/bin/../lib/gcc/avr/4.3.3/avr5\libgcc.a(_mulsi3.o)
 .data          0x00800101        0x0 f:/embided_deblom/amit/programs/avr_tool/sdk/sdk_win_64/sdk_win_64/winavr/bin/../lib/gcc/avr/4.3.3/avr5\libgcc.a(_udivmodqi4.o)
 .data          0x00800101        0x0 f:/embided_deblom/amit/programs/avr_tool/sdk/sdk_win_64/sdk_win_64/winavr/bin/../lib/gcc/avr/4.3.3/avr5\libgcc.a(_udivmodhi4.o)
 .data          0x00800101        0x0 f:/embided_deblom/amit/programs/avr_tool/sdk/sdk_win_64/sdk_win_64/winavr/bin/../lib/gcc/avr/4.3.3/avr5\libgcc.a(_udivmodsi4.o)
 .data          0x00800101        0x0 f:/embided_deblom/amit/programs/avr_tool/sdk/sdk_win_64/sdk_win_64/winavr/bin/../lib/gcc/avr/4.3.3/avr5\libgcc.a(_divmodsi4.o)
 .data          0x00800101        0x0 f:/embided_deblom/amit/programs/avr_tool/sdk/sdk_win_64/sdk_win_64/winavr/bin/../lib/gcc/avr/4.3.3/avr5\libgcc.a(_exit.o)
 .data          0x00800101        0x0 f:/embided_deblom/amit/programs/avr_tool/sdk/sdk_win_64/sdk_win_64/winavr/bin/../lib/gcc/avr/4.3.3/avr5\libgcc.a(_copy_data.o)
 .data          0x00800101        0x0 f:/embided_deblom/amit/programs/avr_tool/sdk/sdk_win_64/sdk_win_64/winavr/bin/../lib/gcc/avr/4.3.3/avr5\libgcc.a(_clear_bss.o)
 .data          0x00800101        0x0 f:/embided_deblom/amit/programs/avr_tool/sdk/sdk_win_64/sdk_win_64/winavr/bin/../lib/gcc/avr/4.3.3/avr5\libgcc.a(_fixunssfsi.o)
 .data          0x00800101        0x0 f:/embided_deblom/amit/programs/avr_tool/sdk/sdk_win_64/sdk_win_64/winavr/bin/../lib/gcc/avr/4.3.3/avr5\libgcc.a(_addsub_sf.o)
 .data          0x00800101        0x0 f:/embided_deblom/amit/programs/avr_tool/sdk/sdk_win_64/sdk_win_64/winavr/bin/../lib/gcc/avr/4.3.3/avr5\libgcc.a(_mul_sf.o)
 .data          0x00800101        0x0 f:/embided_deblom/amit/programs/avr_tool/sdk/sdk_win_64/sdk_win_64/winavr/bin/../lib/gcc/avr/4.3.3/avr5\libgcc.a(_div_sf.o)
 .data          0x00800101        0x0 f:/embided_deblom/amit/programs/avr_tool/sdk/sdk_win_64/sdk_win_64/winavr/bin/../lib/gcc/avr/4.3.3/avr5\libgcc.a(_gt_sf.o)
 .data          0x00800101        0x0 f:/embided_deblom/amit/programs/avr_tool/sdk/sdk_win_64/sdk_win_64/winavr/bin/../lib/gcc/avr/4.3.3/avr5\libgcc.a(_ge_sf.o)
 .data          0x00800101        0x0 f:/embided_deblom/amit/programs/avr_tool/sdk/sdk_win_64/sdk_win_64/winavr/bin/../lib/gcc/avr/4.3.3/avr5\libgcc.a(_lt_sf.o)
 .data          0x00800101        0x0 f:/embided_deblom/amit/programs/avr_tool/sdk/sdk_win_64/sdk_win_64/winavr/bin/../lib/gcc/avr/4.3.3/avr5\libgcc.a(_sf_to_si.o)
 .data          0x00800101        0x8 f:/embided_deblom/amit/programs/avr_tool/sdk/sdk_win_64/sdk_win_64/winavr/bin/../lib/gcc/avr/4.3.3/avr5\libgcc.a(_thenan_sf.o)
                0x00800101                __thenan_sf
 .data          0x00800109        0x0 f:/embided_deblom/amit/programs/avr_tool/sdk/sdk_win_64/sdk_win_64/winavr/bin/../lib/gcc/avr/4.3.3/avr5\libgcc.a(_usi_to_sf.o)
 .data          0x00800109        0x0 f:/embided_deblom/amit/programs/avr_tool/sdk/sdk_win_64/sdk_win_64/winavr/bin/../lib/gcc/avr/4.3.3/avr5\libgcc.a(_prologue.o)
 .data          0x00800109        0x0 f:/embided_deblom/amit/programs/avr_tool/sdk/sdk_win_64/sdk_win_64/winavr/bin/../lib/gcc/avr/4.3.3/avr5\libgcc.a(_epilogue.o)
 .data          0x00800109        0x0 f:/embided_deblom/amit/programs/avr_tool/sdk/sdk_win_64/sdk_win_64/winavr/bin/../lib/gcc/avr/4.3.3/avr5\libgcc.a(_clzsi2.o)
 .data          0x00800109        0x0 f:/embided_deblom/amit/programs/avr_tool/sdk/sdk_win_64/sdk_win_64/winavr/bin/../lib/gcc/avr/4.3.3/avr5\libgcc.a(_pack_sf.o)
 .data          0x00800109        0x0 f:/embided_deblom/amit/programs/avr_tool/sdk/sdk_win_64/sdk_win_64/winavr/bin/../lib/gcc/avr/4.3.3/avr5\libgcc.a(_unpack_sf.o)
 .data          0x00800109        0x0 f:/embided_deblom/amit/programs/avr_tool/sdk/sdk_win_64/sdk_win_64/winavr/bin/../lib/gcc/avr/4.3.3/avr5\libgcc.a(_fpcmp_parts_sf.o)
 .data          0x00800109      0x100 f:/embided_deblom/amit/programs/avr_tool/sdk/sdk_win_64/sdk_win_64/winavr/bin/../lib/gcc/avr/4.3.3/avr5\libgcc.a(_clz.o)
                0x00800109                __clz_tab
 *(.data*)
 .data.KEY_u8_COLPINs
                0x00800209        0x4 ./HAL/Keypad/Keypad_Prog.o
                0x00800209                KEY_u8_COLPINs
 *(.rodata)
 *(.rodata*)
 *(.gnu.linkonce.d*)
                0x0080020e                . = ALIGN (0x2)
 *fill*         0x0080020d        0x1 00
                0x0080020e                _edata = .
                0x0080020e                PROVIDE (__data_end, .)

.bss            0x0080020e       0x11
                0x0080020e                PROVIDE (__bss_start, .)
 *(.bss)
 .bss           0x0080020e        0x0 f:/embided_deblom/amit/programs/avr_tool/sdk/sdk_win_64/sdk_win_64/winavr/bin/../lib/gcc/avr/4.3.3/../../../../avr/lib/avr5/crtm32.o
 .bss           0x0080020e        0x0 ./MCAL/WDT/WDT_Prog.o
 .bss           0x0080020e        0x0 ./MCAL/UART/UART_Prog.o
 .bss           0x0080020e        0x0 ./MCAL/Timer/Timer_Prog.o
 .bss           0x0080020e        0x0 ./MCAL/I2C/I2C_Prog.o
 .bss           0x0080020e        0x0 ./MCAL/GIE/GIE_Prog.o
 .bss           0x0080020e        0x0 ./MCAL/EXINT/EXINT_Prog.o
 .bss           0x0080020e        0x0 ./MCAL/DIO/DIO_Prog.o
 .bss           0x0080020e        0x0 ./MCAL/ADC/ADC_Prog.o
 .bss           0x0080020e        0x0 ./HAL/SSD/SSD_Prog.o
 .bss           0x0080020e        0x0 ./HAL/Relay/Relay_Prog.o
 .bss           0x0080020e        0x0 ./HAL/PushButton/PushButton_Prog.o
 .bss           0x0080020e        0x0 ./HAL/LED/LED_Prog.o
 .bss           0x0080020e        0x0 ./HAL/LDR/LDR_Prog.o
 .bss           0x0080020e        0x0 ./HAL/LCD/LCD_Prog.o
 .bss           0x0080020e        0x0 ./HAL/Keypad/Keypad_Prog.o
 .bss           0x0080020e        0x0 ./HAL/Buzzer/Buzzer_Prog.o
 .bss           0x0080020e        0x0 ./APP/Projects/Projects_Prog.o
 .bss           0x0080020e        0x0 f:/embided_deblom/amit/programs/avr_tool/sdk/sdk_win_64/sdk_win_64/winavr/bin/../lib/gcc/avr/4.3.3/avr5\libgcc.a(_mulsi3.o)
 .bss           0x0080020e        0x0 f:/embided_deblom/amit/programs/avr_tool/sdk/sdk_win_64/sdk_win_64/winavr/bin/../lib/gcc/avr/4.3.3/avr5\libgcc.a(_udivmodqi4.o)
 .bss           0x0080020e        0x0 f:/embided_deblom/amit/programs/avr_tool/sdk/sdk_win_64/sdk_win_64/winavr/bin/../lib/gcc/avr/4.3.3/avr5\libgcc.a(_udivmodhi4.o)
 .bss           0x0080020e        0x0 f:/embided_deblom/amit/programs/avr_tool/sdk/sdk_win_64/sdk_win_64/winavr/bin/../lib/gcc/avr/4.3.3/avr5\libgcc.a(_udivmodsi4.o)
 .bss           0x0080020e        0x0 f:/embided_deblom/amit/programs/avr_tool/sdk/sdk_win_64/sdk_win_64/winavr/bin/../lib/gcc/avr/4.3.3/avr5\libgcc.a(_divmodsi4.o)
 .bss           0x0080020e        0x0 f:/embided_deblom/amit/programs/avr_tool/sdk/sdk_win_64/sdk_win_64/winavr/bin/../lib/gcc/avr/4.3.3/avr5\libgcc.a(_exit.o)
 .bss           0x0080020e        0x0 f:/embided_deblom/amit/programs/avr_tool/sdk/sdk_win_64/sdk_win_64/winavr/bin/../lib/gcc/avr/4.3.3/avr5\libgcc.a(_copy_data.o)
 .bss           0x0080020e        0x0 f:/embided_deblom/amit/programs/avr_tool/sdk/sdk_win_64/sdk_win_64/winavr/bin/../lib/gcc/avr/4.3.3/avr5\libgcc.a(_clear_bss.o)
 .bss           0x0080020e        0x0 f:/embided_deblom/amit/programs/avr_tool/sdk/sdk_win_64/sdk_win_64/winavr/bin/../lib/gcc/avr/4.3.3/avr5\libgcc.a(_fixunssfsi.o)
 .bss           0x0080020e        0x0 f:/embided_deblom/amit/programs/avr_tool/sdk/sdk_win_64/sdk_win_64/winavr/bin/../lib/gcc/avr/4.3.3/avr5\libgcc.a(_addsub_sf.o)
 .bss           0x0080020e        0x0 f:/embided_deblom/amit/programs/avr_tool/sdk/sdk_win_64/sdk_win_64/winavr/bin/../lib/gcc/avr/4.3.3/avr5\libgcc.a(_mul_sf.o)
 .bss           0x0080020e        0x0 f:/embided_deblom/amit/programs/avr_tool/sdk/sdk_win_64/sdk_win_64/winavr/bin/../lib/gcc/avr/4.3.3/avr5\libgcc.a(_div_sf.o)
 .bss           0x0080020e        0x0 f:/embided_deblom/amit/programs/avr_tool/sdk/sdk_win_64/sdk_win_64/winavr/bin/../lib/gcc/avr/4.3.3/avr5\libgcc.a(_gt_sf.o)
 .bss           0x0080020e        0x0 f:/embided_deblom/amit/programs/avr_tool/sdk/sdk_win_64/sdk_win_64/winavr/bin/../lib/gcc/avr/4.3.3/avr5\libgcc.a(_ge_sf.o)
 .bss           0x0080020e        0x0 f:/embided_deblom/amit/programs/avr_tool/sdk/sdk_win_64/sdk_win_64/winavr/bin/../lib/gcc/avr/4.3.3/avr5\libgcc.a(_lt_sf.o)
 .bss           0x0080020e        0x0 f:/embided_deblom/amit/programs/avr_tool/sdk/sdk_win_64/sdk_win_64/winavr/bin/../lib/gcc/avr/4.3.3/avr5\libgcc.a(_sf_to_si.o)
 .bss           0x0080020e        0x0 f:/embided_deblom/amit/programs/avr_tool/sdk/sdk_win_64/sdk_win_64/winavr/bin/../lib/gcc/avr/4.3.3/avr5\libgcc.a(_thenan_sf.o)
 .bss           0x0080020e        0x0 f:/embided_deblom/amit/programs/avr_tool/sdk/sdk_win_64/sdk_win_64/winavr/bin/../lib/gcc/avr/4.3.3/avr5\libgcc.a(_usi_to_sf.o)
 .bss           0x0080020e        0x0 f:/embided_deblom/amit/programs/avr_tool/sdk/sdk_win_64/sdk_win_64/winavr/bin/../lib/gcc/avr/4.3.3/avr5\libgcc.a(_prologue.o)
 .bss           0x0080020e        0x0 f:/embided_deblom/amit/programs/avr_tool/sdk/sdk_win_64/sdk_win_64/winavr/bin/../lib/gcc/avr/4.3.3/avr5\libgcc.a(_epilogue.o)
 .bss           0x0080020e        0x0 f:/embided_deblom/amit/programs/avr_tool/sdk/sdk_win_64/sdk_win_64/winavr/bin/../lib/gcc/avr/4.3.3/avr5\libgcc.a(_clzsi2.o)
 .bss           0x0080020e        0x0 f:/embided_deblom/amit/programs/avr_tool/sdk/sdk_win_64/sdk_win_64/winavr/bin/../lib/gcc/avr/4.3.3/avr5\libgcc.a(_pack_sf.o)
 .bss           0x0080020e        0x0 f:/embided_deblom/amit/programs/avr_tool/sdk/sdk_win_64/sdk_win_64/winavr/bin/../lib/gcc/avr/4.3.3/avr5\libgcc.a(_unpack_sf.o)
 .bss           0x0080020e        0x0 f:/embided_deblom/amit/programs/avr_tool/sdk/sdk_win_64/sdk_win_64/winavr/bin/../lib/gcc/avr/4.3.3/avr5\libgcc.a(_fpcmp_parts_sf.o)
 .bss           0x0080020e        0x0 f:/embided_deblom/amit/programs/avr_tool/sdk/sdk_win_64/sdk_win_64/winavr/bin/../lib/gcc/avr/4.3.3/avr5\libgcc.a(_clz.o)
 *(.bss*)
 .bss.Timer_U32_NumOfOV
                0x0080020e        0x4 ./MCAL/Timer/Timer_Prog.o
                0x0080020e                Timer_U32_NumOfOV
 .bss.Timer_U32_NumOfCM
                0x00800212        0x4 ./MCAL/Timer/Timer_Prog.o
                0x00800212                Timer_U32_NumOfCM
 .bss.Timer_U8_RemTicks
                0x00800216        0x1 ./MCAL/Timer/Timer_Prog.o
                0x00800216                Timer_U8_RemTicks
 .bss.Local_U32_Counter.1435
                0x00800217        0x4 ./MCAL/Timer/Timer_Prog.o
 .bss.APP_u16_TimesSEC
                0x0080021b        0x2 ./APP/Projects/Projects_Prog.o
 *(COMMON)
 COMMON         0x0080021d        0x2 ./MCAL/Timer/Timer_Prog.o
                0x0080021d                Timer_CallBack
                0x0080021f                PROVIDE (__bss_end, .)
                0x0000404a                __data_load_start = LOADADDR (.data)
                0x000041f8                __data_load_end = (__data_load_start + SIZEOF (.data))

.noinit         0x0080021f        0x0
                0x0080021f                PROVIDE (__noinit_start, .)
 *(.noinit*)
                0x0080021f                PROVIDE (__noinit_end, .)
                0x0080021f                _end = .
                0x0080021f                PROVIDE (__heap_start, .)

.eeprom         0x00810000        0x0
 *(.eeprom*)
                0x00810000                __eeprom_end = .

.fuse
 *(.fuse)
 *(.lfuse)
 *(.hfuse)
 *(.efuse)

.lock
 *(.lock*)

.signature
 *(.signature*)

.stab           0x00000000     0x3da4
 *(.stab)
 .stab          0x00000000       0xe4 ./MCAL/WDT/WDT_Prog.o
 .stab          0x000000e4       0xd8 ./MCAL/UART/UART_Prog.o
                                 0xe4 (size before relaxing)
 .stab          0x000001bc      0x7ec ./MCAL/Timer/Timer_Prog.o
                                0x7f8 (size before relaxing)
 .stab          0x000009a8       0xd8 ./MCAL/I2C/I2C_Prog.o
                                 0xe4 (size before relaxing)
 .stab          0x00000a80      0x15c ./MCAL/GIE/GIE_Prog.o
                                0x1c8 (size before relaxing)
 .stab          0x00000bdc       0xd8 ./MCAL/EXINT/EXINT_Prog.o
                                 0xe4 (size before relaxing)
 .stab          0x00000cb4      0x5a0 ./MCAL/DIO/DIO_Prog.o
                                0x60c (size before relaxing)
 .stab          0x00001254       0xd8 ./MCAL/ADC/ADC_Prog.o
                                 0xe4 (size before relaxing)
 .stab          0x0000132c       0xd8 ./HAL/SSD/SSD_Prog.o
                                 0xe4 (size before relaxing)
 .stab          0x00001404       0xd8 ./HAL/Relay/Relay_Prog.o
                                 0xe4 (size before relaxing)
 .stab          0x000014dc      0x5a0 ./HAL/PushButton/PushButton_Prog.o
                                0x78c (size before relaxing)
 .stab          0x00001a7c      0x63c ./HAL/LED/LED_Prog.o
                                0x834 (size before relaxing)
 .stab          0x000020b8       0xd8 ./HAL/LDR/LDR_Prog.o
                                 0xe4 (size before relaxing)
 .stab          0x00002190      0xb1c ./HAL/LCD/LCD_Prog.o
                                0xd14 (size before relaxing)
 .stab          0x00002cac      0x18c ./HAL/Keypad/Keypad_Prog.o
                                0x1f8 (size before relaxing)
 .stab          0x00002e38      0x540 ./HAL/Buzzer/Buzzer_Prog.o
                                0x738 (size before relaxing)
 .stab          0x00003378      0xa2c ./APP/Projects/Projects_Prog.o
                                0xc54 (size before relaxing)

.stabstr        0x00000000     0x16ac
 *(.stabstr)
 .stabstr       0x00000000     0x16ac ./MCAL/WDT/WDT_Prog.o

.stab.excl
 *(.stab.excl)

.stab.exclstr
 *(.stab.exclstr)

.stab.index
 *(.stab.index)

.stab.indexstr
 *(.stab.indexstr)

.comment
 *(.comment)

.debug
 *(.debug)

.line
 *(.line)

.debug_srcinfo
 *(.debug_srcinfo)

.debug_sfnames
 *(.debug_sfnames)

.debug_aranges  0x00000000      0x1a0
 *(.debug_aranges)
 .debug_aranges
                0x00000000       0x20 f:/embided_deblom/amit/programs/avr_tool/sdk/sdk_win_64/sdk_win_64/winavr/bin/../lib/gcc/avr/4.3.3/avr5\libgcc.a(_fixunssfsi.o)
 .debug_aranges
                0x00000020       0x20 f:/embided_deblom/amit/programs/avr_tool/sdk/sdk_win_64/sdk_win_64/winavr/bin/../lib/gcc/avr/4.3.3/avr5\libgcc.a(_addsub_sf.o)
 .debug_aranges
                0x00000040       0x20 f:/embided_deblom/amit/programs/avr_tool/sdk/sdk_win_64/sdk_win_64/winavr/bin/../lib/gcc/avr/4.3.3/avr5\libgcc.a(_mul_sf.o)
 .debug_aranges
                0x00000060       0x20 f:/embided_deblom/amit/programs/avr_tool/sdk/sdk_win_64/sdk_win_64/winavr/bin/../lib/gcc/avr/4.3.3/avr5\libgcc.a(_div_sf.o)
 .debug_aranges
                0x00000080       0x20 f:/embided_deblom/amit/programs/avr_tool/sdk/sdk_win_64/sdk_win_64/winavr/bin/../lib/gcc/avr/4.3.3/avr5\libgcc.a(_gt_sf.o)
 .debug_aranges
                0x000000a0       0x20 f:/embided_deblom/amit/programs/avr_tool/sdk/sdk_win_64/sdk_win_64/winavr/bin/../lib/gcc/avr/4.3.3/avr5\libgcc.a(_ge_sf.o)
 .debug_aranges
                0x000000c0       0x20 f:/embided_deblom/amit/programs/avr_tool/sdk/sdk_win_64/sdk_win_64/winavr/bin/../lib/gcc/avr/4.3.3/avr5\libgcc.a(_lt_sf.o)
 .debug_aranges
                0x000000e0       0x20 f:/embided_deblom/amit/programs/avr_tool/sdk/sdk_win_64/sdk_win_64/winavr/bin/../lib/gcc/avr/4.3.3/avr5\libgcc.a(_sf_to_si.o)
 .debug_aranges
                0x00000100       0x20 f:/embided_deblom/amit/programs/avr_tool/sdk/sdk_win_64/sdk_win_64/winavr/bin/../lib/gcc/avr/4.3.3/avr5\libgcc.a(_usi_to_sf.o)
 .debug_aranges
                0x00000120       0x20 f:/embided_deblom/amit/programs/avr_tool/sdk/sdk_win_64/sdk_win_64/winavr/bin/../lib/gcc/avr/4.3.3/avr5\libgcc.a(_clzsi2.o)
 .debug_aranges
                0x00000140       0x20 f:/embided_deblom/amit/programs/avr_tool/sdk/sdk_win_64/sdk_win_64/winavr/bin/../lib/gcc/avr/4.3.3/avr5\libgcc.a(_pack_sf.o)
 .debug_aranges
                0x00000160       0x20 f:/embided_deblom/amit/programs/avr_tool/sdk/sdk_win_64/sdk_win_64/winavr/bin/../lib/gcc/avr/4.3.3/avr5\libgcc.a(_unpack_sf.o)
 .debug_aranges
                0x00000180       0x20 f:/embided_deblom/amit/programs/avr_tool/sdk/sdk_win_64/sdk_win_64/winavr/bin/../lib/gcc/avr/4.3.3/avr5\libgcc.a(_fpcmp_parts_sf.o)

.debug_pubnames
                0x00000000      0x1f2
 *(.debug_pubnames)
 .debug_pubnames
                0x00000000       0x23 f:/embided_deblom/amit/programs/avr_tool/sdk/sdk_win_64/sdk_win_64/winavr/bin/../lib/gcc/avr/4.3.3/avr5\libgcc.a(_fixunssfsi.o)
 .debug_pubnames
                0x00000023       0x2c f:/embided_deblom/amit/programs/avr_tool/sdk/sdk_win_64/sdk_win_64/winavr/bin/../lib/gcc/avr/4.3.3/avr5\libgcc.a(_addsub_sf.o)
 .debug_pubnames
                0x0000004f       0x1f f:/embided_deblom/amit/programs/avr_tool/sdk/sdk_win_64/sdk_win_64/winavr/bin/../lib/gcc/avr/4.3.3/avr5\libgcc.a(_mul_sf.o)
 .debug_pubnames
                0x0000006e       0x1f f:/embided_deblom/amit/programs/avr_tool/sdk/sdk_win_64/sdk_win_64/winavr/bin/../lib/gcc/avr/4.3.3/avr5\libgcc.a(_div_sf.o)
 .debug_pubnames
                0x0000008d       0x1e f:/embided_deblom/amit/programs/avr_tool/sdk/sdk_win_64/sdk_win_64/winavr/bin/../lib/gcc/avr/4.3.3/avr5\libgcc.a(_gt_sf.o)
 .debug_pubnames
                0x000000ab       0x1e f:/embided_deblom/amit/programs/avr_tool/sdk/sdk_win_64/sdk_win_64/winavr/bin/../lib/gcc/avr/4.3.3/avr5\libgcc.a(_ge_sf.o)
 .debug_pubnames
                0x000000c9       0x1e f:/embided_deblom/amit/programs/avr_tool/sdk/sdk_win_64/sdk_win_64/winavr/bin/../lib/gcc/avr/4.3.3/avr5\libgcc.a(_lt_sf.o)
 .debug_pubnames
                0x000000e7       0x20 f:/embided_deblom/amit/programs/avr_tool/sdk/sdk_win_64/sdk_win_64/winavr/bin/../lib/gcc/avr/4.3.3/avr5\libgcc.a(_sf_to_si.o)
 .debug_pubnames
                0x00000107       0x22 f:/embided_deblom/amit/programs/avr_tool/sdk/sdk_win_64/sdk_win_64/winavr/bin/../lib/gcc/avr/4.3.3/avr5\libgcc.a(_thenan_sf.o)
 .debug_pubnames
                0x00000129       0x24 f:/embided_deblom/amit/programs/avr_tool/sdk/sdk_win_64/sdk_win_64/winavr/bin/../lib/gcc/avr/4.3.3/avr5\libgcc.a(_usi_to_sf.o)
 .debug_pubnames
                0x0000014d       0x1f f:/embided_deblom/amit/programs/avr_tool/sdk/sdk_win_64/sdk_win_64/winavr/bin/../lib/gcc/avr/4.3.3/avr5\libgcc.a(_clzsi2.o)
 .debug_pubnames
                0x0000016c       0x1f f:/embided_deblom/amit/programs/avr_tool/sdk/sdk_win_64/sdk_win_64/winavr/bin/../lib/gcc/avr/4.3.3/avr5\libgcc.a(_pack_sf.o)
 .debug_pubnames
                0x0000018b       0x21 f:/embided_deblom/amit/programs/avr_tool/sdk/sdk_win_64/sdk_win_64/winavr/bin/../lib/gcc/avr/4.3.3/avr5\libgcc.a(_unpack_sf.o)
 .debug_pubnames
                0x000001ac       0x26 f:/embided_deblom/amit/programs/avr_tool/sdk/sdk_win_64/sdk_win_64/winavr/bin/../lib/gcc/avr/4.3.3/avr5\libgcc.a(_fpcmp_parts_sf.o)
 .debug_pubnames
                0x000001d2       0x20 f:/embided_deblom/amit/programs/avr_tool/sdk/sdk_win_64/sdk_win_64/winavr/bin/../lib/gcc/avr/4.3.3/avr5\libgcc.a(_clz.o)

.debug_info     0x00000000     0x240b
 *(.debug_info)
 .debug_info    0x00000000       0xb1 f:/embided_deblom/amit/programs/avr_tool/sdk/sdk_win_64/sdk_win_64/winavr/bin/../lib/gcc/avr/4.3.3/avr5\libgcc.a(_fixunssfsi.o)
 .debug_info    0x000000b1      0x47a f:/embided_deblom/amit/programs/avr_tool/sdk/sdk_win_64/sdk_win_64/winavr/bin/../lib/gcc/avr/4.3.3/avr5\libgcc.a(_addsub_sf.o)
 .debug_info    0x0000052b      0x485 f:/embided_deblom/amit/programs/avr_tool/sdk/sdk_win_64/sdk_win_64/winavr/bin/../lib/gcc/avr/4.3.3/avr5\libgcc.a(_mul_sf.o)
 .debug_info    0x000009b0      0x3fc f:/embided_deblom/amit/programs/avr_tool/sdk/sdk_win_64/sdk_win_64/winavr/bin/../lib/gcc/avr/4.3.3/avr5\libgcc.a(_div_sf.o)
 .debug_info    0x00000dac      0x27f f:/embided_deblom/amit/programs/avr_tool/sdk/sdk_win_64/sdk_win_64/winavr/bin/../lib/gcc/avr/4.3.3/avr5\libgcc.a(_gt_sf.o)
 .debug_info    0x0000102b      0x27f f:/embided_deblom/amit/programs/avr_tool/sdk/sdk_win_64/sdk_win_64/winavr/bin/../lib/gcc/avr/4.3.3/avr5\libgcc.a(_ge_sf.o)
 .debug_info    0x000012aa      0x27f f:/embided_deblom/amit/programs/avr_tool/sdk/sdk_win_64/sdk_win_64/winavr/bin/../lib/gcc/avr/4.3.3/avr5\libgcc.a(_lt_sf.o)
 .debug_info    0x00001529      0x2b0 f:/embided_deblom/amit/programs/avr_tool/sdk/sdk_win_64/sdk_win_64/winavr/bin/../lib/gcc/avr/4.3.3/avr5\libgcc.a(_sf_to_si.o)
 .debug_info    0x000017d9      0x12c f:/embided_deblom/amit/programs/avr_tool/sdk/sdk_win_64/sdk_win_64/winavr/bin/../lib/gcc/avr/4.3.3/avr5\libgcc.a(_thenan_sf.o)
 .debug_info    0x00001905      0x206 f:/embided_deblom/amit/programs/avr_tool/sdk/sdk_win_64/sdk_win_64/winavr/bin/../lib/gcc/avr/4.3.3/avr5\libgcc.a(_usi_to_sf.o)
 .debug_info    0x00001b0b      0x117 f:/embided_deblom/amit/programs/avr_tool/sdk/sdk_win_64/sdk_win_64/winavr/bin/../lib/gcc/avr/4.3.3/avr5\libgcc.a(_clzsi2.o)
 .debug_info    0x00001c22      0x2df f:/embided_deblom/amit/programs/avr_tool/sdk/sdk_win_64/sdk_win_64/winavr/bin/../lib/gcc/avr/4.3.3/avr5\libgcc.a(_pack_sf.o)
 .debug_info    0x00001f01      0x251 f:/embided_deblom/amit/programs/avr_tool/sdk/sdk_win_64/sdk_win_64/winavr/bin/../lib/gcc/avr/4.3.3/avr5\libgcc.a(_unpack_sf.o)
 .debug_info    0x00002152      0x210 f:/embided_deblom/amit/programs/avr_tool/sdk/sdk_win_64/sdk_win_64/winavr/bin/../lib/gcc/avr/4.3.3/avr5\libgcc.a(_fpcmp_parts_sf.o)
 .debug_info    0x00002362       0xa9 f:/embided_deblom/amit/programs/avr_tool/sdk/sdk_win_64/sdk_win_64/winavr/bin/../lib/gcc/avr/4.3.3/avr5\libgcc.a(_clz.o)
 *(.gnu.linkonce.wi.*)

.debug_abbrev   0x00000000     0x1386
 *(.debug_abbrev)
 .debug_abbrev  0x00000000       0x5d f:/embided_deblom/amit/programs/avr_tool/sdk/sdk_win_64/sdk_win_64/winavr/bin/../lib/gcc/avr/4.3.3/avr5\libgcc.a(_fixunssfsi.o)
 .debug_abbrev  0x0000005d      0x1ea f:/embided_deblom/amit/programs/avr_tool/sdk/sdk_win_64/sdk_win_64/winavr/bin/../lib/gcc/avr/4.3.3/avr5\libgcc.a(_addsub_sf.o)
 .debug_abbrev  0x00000247      0x21b f:/embided_deblom/amit/programs/avr_tool/sdk/sdk_win_64/sdk_win_64/winavr/bin/../lib/gcc/avr/4.3.3/avr5\libgcc.a(_mul_sf.o)
 .debug_abbrev  0x00000462      0x216 f:/embided_deblom/amit/programs/avr_tool/sdk/sdk_win_64/sdk_win_64/winavr/bin/../lib/gcc/avr/4.3.3/avr5\libgcc.a(_div_sf.o)
 .debug_abbrev  0x00000678      0x15a f:/embided_deblom/amit/programs/avr_tool/sdk/sdk_win_64/sdk_win_64/winavr/bin/../lib/gcc/avr/4.3.3/avr5\libgcc.a(_gt_sf.o)
 .debug_abbrev  0x000007d2      0x15a f:/embided_deblom/amit/programs/avr_tool/sdk/sdk_win_64/sdk_win_64/winavr/bin/../lib/gcc/avr/4.3.3/avr5\libgcc.a(_ge_sf.o)
 .debug_abbrev  0x0000092c      0x15a f:/embided_deblom/amit/programs/avr_tool/sdk/sdk_win_64/sdk_win_64/winavr/bin/../lib/gcc/avr/4.3.3/avr5\libgcc.a(_lt_sf.o)
 .debug_abbrev  0x00000a86      0x17f f:/embided_deblom/amit/programs/avr_tool/sdk/sdk_win_64/sdk_win_64/winavr/bin/../lib/gcc/avr/4.3.3/avr5\libgcc.a(_sf_to_si.o)
 .debug_abbrev  0x00000c05       0xad f:/embided_deblom/amit/programs/avr_tool/sdk/sdk_win_64/sdk_win_64/winavr/bin/../lib/gcc/avr/4.3.3/avr5\libgcc.a(_thenan_sf.o)
 .debug_abbrev  0x00000cb2      0x157 f:/embided_deblom/amit/programs/avr_tool/sdk/sdk_win_64/sdk_win_64/winavr/bin/../lib/gcc/avr/4.3.3/avr5\libgcc.a(_usi_to_sf.o)
 .debug_abbrev  0x00000e09       0xc4 f:/embided_deblom/amit/programs/avr_tool/sdk/sdk_win_64/sdk_win_64/winavr/bin/../lib/gcc/avr/4.3.3/avr5\libgcc.a(_clzsi2.o)
 .debug_abbrev  0x00000ecd      0x1c0 f:/embided_deblom/amit/programs/avr_tool/sdk/sdk_win_64/sdk_win_64/winavr/bin/../lib/gcc/avr/4.3.3/avr5\libgcc.a(_pack_sf.o)
 .debug_abbrev  0x0000108d      0x154 f:/embided_deblom/amit/programs/avr_tool/sdk/sdk_win_64/sdk_win_64/winavr/bin/../lib/gcc/avr/4.3.3/avr5\libgcc.a(_unpack_sf.o)
 .debug_abbrev  0x000011e1      0x13b f:/embided_deblom/amit/programs/avr_tool/sdk/sdk_win_64/sdk_win_64/winavr/bin/../lib/gcc/avr/4.3.3/avr5\libgcc.a(_fpcmp_parts_sf.o)
 .debug_abbrev  0x0000131c       0x6a f:/embided_deblom/amit/programs/avr_tool/sdk/sdk_win_64/sdk_win_64/winavr/bin/../lib/gcc/avr/4.3.3/avr5\libgcc.a(_clz.o)

.debug_line     0x00000000     0x11d6
 *(.debug_line)
 .debug_line    0x00000000       0xa7 f:/embided_deblom/amit/programs/avr_tool/sdk/sdk_win_64/sdk_win_64/winavr/bin/../lib/gcc/avr/4.3.3/avr5\libgcc.a(_fixunssfsi.o)
 .debug_line    0x000000a7      0x2af f:/embided_deblom/amit/programs/avr_tool/sdk/sdk_win_64/sdk_win_64/winavr/bin/../lib/gcc/avr/4.3.3/avr5\libgcc.a(_addsub_sf.o)
 .debug_line    0x00000356      0x239 f:/embided_deblom/amit/programs/avr_tool/sdk/sdk_win_64/sdk_win_64/winavr/bin/../lib/gcc/avr/4.3.3/avr5\libgcc.a(_mul_sf.o)
 .debug_line    0x0000058f      0x1d5 f:/embided_deblom/amit/programs/avr_tool/sdk/sdk_win_64/sdk_win_64/winavr/bin/../lib/gcc/avr/4.3.3/avr5\libgcc.a(_div_sf.o)
 .debug_line    0x00000764       0xd3 f:/embided_deblom/amit/programs/avr_tool/sdk/sdk_win_64/sdk_win_64/winavr/bin/../lib/gcc/avr/4.3.3/avr5\libgcc.a(_gt_sf.o)
 .debug_line    0x00000837       0xd3 f:/embided_deblom/amit/programs/avr_tool/sdk/sdk_win_64/sdk_win_64/winavr/bin/../lib/gcc/avr/4.3.3/avr5\libgcc.a(_ge_sf.o)
 .debug_line    0x0000090a       0xd3 f:/embided_deblom/amit/programs/avr_tool/sdk/sdk_win_64/sdk_win_64/winavr/bin/../lib/gcc/avr/4.3.3/avr5\libgcc.a(_lt_sf.o)
 .debug_line    0x000009dd      0x109 f:/embided_deblom/amit/programs/avr_tool/sdk/sdk_win_64/sdk_win_64/winavr/bin/../lib/gcc/avr/4.3.3/avr5\libgcc.a(_sf_to_si.o)
 .debug_line    0x00000ae6       0x90 f:/embided_deblom/amit/programs/avr_tool/sdk/sdk_win_64/sdk_win_64/winavr/bin/../lib/gcc/avr/4.3.3/avr5\libgcc.a(_thenan_sf.o)
 .debug_line    0x00000b76      0x133 f:/embided_deblom/amit/programs/avr_tool/sdk/sdk_win_64/sdk_win_64/winavr/bin/../lib/gcc/avr/4.3.3/avr5\libgcc.a(_usi_to_sf.o)
 .debug_line    0x00000ca9       0xa5 f:/embided_deblom/amit/programs/avr_tool/sdk/sdk_win_64/sdk_win_64/winavr/bin/../lib/gcc/avr/4.3.3/avr5\libgcc.a(_clzsi2.o)
 .debug_line    0x00000d4e      0x18a f:/embided_deblom/amit/programs/avr_tool/sdk/sdk_win_64/sdk_win_64/winavr/bin/../lib/gcc/avr/4.3.3/avr5\libgcc.a(_pack_sf.o)
 .debug_line    0x00000ed8      0x14b f:/embided_deblom/amit/programs/avr_tool/sdk/sdk_win_64/sdk_win_64/winavr/bin/../lib/gcc/avr/4.3.3/avr5\libgcc.a(_unpack_sf.o)
 .debug_line    0x00001023      0x137 f:/embided_deblom/amit/programs/avr_tool/sdk/sdk_win_64/sdk_win_64/winavr/bin/../lib/gcc/avr/4.3.3/avr5\libgcc.a(_fpcmp_parts_sf.o)
 .debug_line    0x0000115a       0x7c f:/embided_deblom/amit/programs/avr_tool/sdk/sdk_win_64/sdk_win_64/winavr/bin/../lib/gcc/avr/4.3.3/avr5\libgcc.a(_clz.o)

.debug_frame    0x00000000      0x1c0
 *(.debug_frame)
 .debug_frame   0x00000000       0x20 f:/embided_deblom/amit/programs/avr_tool/sdk/sdk_win_64/sdk_win_64/winavr/bin/../lib/gcc/avr/4.3.3/avr5\libgcc.a(_fixunssfsi.o)
 .debug_frame   0x00000020       0x40 f:/embided_deblom/amit/programs/avr_tool/sdk/sdk_win_64/sdk_win_64/winavr/bin/../lib/gcc/avr/4.3.3/avr5\libgcc.a(_addsub_sf.o)
 .debug_frame   0x00000060       0x20 f:/embided_deblom/amit/programs/avr_tool/sdk/sdk_win_64/sdk_win_64/winavr/bin/../lib/gcc/avr/4.3.3/avr5\libgcc.a(_mul_sf.o)
 .debug_frame   0x00000080       0x20 f:/embided_deblom/amit/programs/avr_tool/sdk/sdk_win_64/sdk_win_64/winavr/bin/../lib/gcc/avr/4.3.3/avr5\libgcc.a(_div_sf.o)
 .debug_frame   0x000000a0       0x20 f:/embided_deblom/amit/programs/avr_tool/sdk/sdk_win_64/sdk_win_64/winavr/bin/../lib/gcc/avr/4.3.3/avr5\libgcc.a(_gt_sf.o)
 .debug_frame   0x000000c0       0x20 f:/embided_deblom/amit/programs/avr_tool/sdk/sdk_win_64/sdk_win_64/winavr/bin/../lib/gcc/avr/4.3.3/avr5\libgcc.a(_ge_sf.o)
 .debug_frame   0x000000e0       0x20 f:/embided_deblom/amit/programs/avr_tool/sdk/sdk_win_64/sdk_win_64/winavr/bin/../lib/gcc/avr/4.3.3/avr5\libgcc.a(_lt_sf.o)
 .debug_frame   0x00000100       0x20 f:/embided_deblom/amit/programs/avr_tool/sdk/sdk_win_64/sdk_win_64/winavr/bin/../lib/gcc/avr/4.3.3/avr5\libgcc.a(_sf_to_si.o)
 .debug_frame   0x00000120       0x20 f:/embided_deblom/amit/programs/avr_tool/sdk/sdk_win_64/sdk_win_64/winavr/bin/../lib/gcc/avr/4.3.3/avr5\libgcc.a(_usi_to_sf.o)
 .debug_frame   0x00000140       0x20 f:/embided_deblom/amit/programs/avr_tool/sdk/sdk_win_64/sdk_win_64/winavr/bin/../lib/gcc/avr/4.3.3/avr5\libgcc.a(_clzsi2.o)
 .debug_frame   0x00000160       0x20 f:/embided_deblom/amit/programs/avr_tool/sdk/sdk_win_64/sdk_win_64/winavr/bin/../lib/gcc/avr/4.3.3/avr5\libgcc.a(_pack_sf.o)
 .debug_frame   0x00000180       0x20 f:/embided_deblom/amit/programs/avr_tool/sdk/sdk_win_64/sdk_win_64/winavr/bin/../lib/gcc/avr/4.3.3/avr5\libgcc.a(_unpack_sf.o)
 .debug_frame   0x000001a0       0x20 f:/embided_deblom/amit/programs/avr_tool/sdk/sdk_win_64/sdk_win_64/winavr/bin/../lib/gcc/avr/4.3.3/avr5\libgcc.a(_fpcmp_parts_sf.o)

.debug_str      0x00000000      0x2f6
 *(.debug_str)
 .debug_str     0x00000000       0xbf f:/embided_deblom/amit/programs/avr_tool/sdk/sdk_win_64/sdk_win_64/winavr/bin/../lib/gcc/avr/4.3.3/avr5\libgcc.a(_fixunssfsi.o)
                                 0xfe (size before relaxing)
 .debug_str     0x000000bf      0x14d f:/embided_deblom/amit/programs/avr_tool/sdk/sdk_win_64/sdk_win_64/winavr/bin/../lib/gcc/avr/4.3.3/avr5\libgcc.a(_addsub_sf.o)
                                0x206 (size before relaxing)
 .debug_str     0x0000020c       0x27 f:/embided_deblom/amit/programs/avr_tool/sdk/sdk_win_64/sdk_win_64/winavr/bin/../lib/gcc/avr/4.3.3/avr5\libgcc.a(_mul_sf.o)
                                0x1bf (size before relaxing)
 .debug_str     0x00000233       0x35 f:/embided_deblom/amit/programs/avr_tool/sdk/sdk_win_64/sdk_win_64/winavr/bin/../lib/gcc/avr/4.3.3/avr5\libgcc.a(_div_sf.o)
                                0x1c8 (size before relaxing)
 .debug_str     0x00000268        0x8 f:/embided_deblom/amit/programs/avr_tool/sdk/sdk_win_64/sdk_win_64/winavr/bin/../lib/gcc/avr/4.3.3/avr5\libgcc.a(_gt_sf.o)
                                0x195 (size before relaxing)
 .debug_str     0x00000270        0x8 f:/embided_deblom/amit/programs/avr_tool/sdk/sdk_win_64/sdk_win_64/winavr/bin/../lib/gcc/avr/4.3.3/avr5\libgcc.a(_ge_sf.o)
                                0x195 (size before relaxing)
 .debug_str     0x00000278        0x8 f:/embided_deblom/amit/programs/avr_tool/sdk/sdk_win_64/sdk_win_64/winavr/bin/../lib/gcc/avr/4.3.3/avr5\libgcc.a(_lt_sf.o)
                                0x195 (size before relaxing)
 .debug_str     0x00000280        0xa f:/embided_deblom/amit/programs/avr_tool/sdk/sdk_win_64/sdk_win_64/winavr/bin/../lib/gcc/avr/4.3.3/avr5\libgcc.a(_sf_to_si.o)
                                0x19e (size before relaxing)
 .debug_str     0x00000000      0x103 f:/embided_deblom/amit/programs/avr_tool/sdk/sdk_win_64/sdk_win_64/winavr/bin/../lib/gcc/avr/4.3.3/avr5\libgcc.a(_thenan_sf.o)
 .debug_str     0x0000028a       0x21 f:/embided_deblom/amit/programs/avr_tool/sdk/sdk_win_64/sdk_win_64/winavr/bin/../lib/gcc/avr/4.3.3/avr5\libgcc.a(_usi_to_sf.o)
                                0x177 (size before relaxing)
 .debug_str     0x000002ab       0x20 f:/embided_deblom/amit/programs/avr_tool/sdk/sdk_win_64/sdk_win_64/winavr/bin/../lib/gcc/avr/4.3.3/avr5\libgcc.a(_clzsi2.o)
                                0x111 (size before relaxing)
 .debug_str     0x000002cb       0x10 f:/embided_deblom/amit/programs/avr_tool/sdk/sdk_win_64/sdk_win_64/winavr/bin/../lib/gcc/avr/4.3.3/avr5\libgcc.a(_pack_sf.o)
                                0x19d (size before relaxing)
 .debug_str     0x000002db        0xb f:/embided_deblom/amit/programs/avr_tool/sdk/sdk_win_64/sdk_win_64/winavr/bin/../lib/gcc/avr/4.3.3/avr5\libgcc.a(_unpack_sf.o)
                                0x17f (size before relaxing)
 .debug_str     0x000002e6       0x10 f:/embided_deblom/amit/programs/avr_tool/sdk/sdk_win_64/sdk_win_64/winavr/bin/../lib/gcc/avr/4.3.3/avr5\libgcc.a(_fpcmp_parts_sf.o)
                                0x163 (size before relaxing)
 .debug_str     0x00000000       0xf4 f:/embided_deblom/amit/programs/avr_tool/sdk/sdk_win_64/sdk_win_64/winavr/bin/../lib/gcc/avr/4.3.3/avr5\libgcc.a(_clz.o)

.debug_loc      0x00000000      0x96e
 *(.debug_loc)
 .debug_loc     0x00000000       0x34 f:/embided_deblom/amit/programs/avr_tool/sdk/sdk_win_64/sdk_win_64/winavr/bin/../lib/gcc/avr/4.3.3/avr5\libgcc.a(_fixunssfsi.o)
 .debug_loc     0x00000034      0x32a f:/embided_deblom/amit/programs/avr_tool/sdk/sdk_win_64/sdk_win_64/winavr/bin/../lib/gcc/avr/4.3.3/avr5\libgcc.a(_addsub_sf.o)
 .debug_loc     0x0000035e      0x104 f:/embided_deblom/amit/programs/avr_tool/sdk/sdk_win_64/sdk_win_64/winavr/bin/../lib/gcc/avr/4.3.3/avr5\libgcc.a(_mul_sf.o)
 .debug_loc     0x00000462       0xc0 f:/embided_deblom/amit/programs/avr_tool/sdk/sdk_win_64/sdk_win_64/winavr/bin/../lib/gcc/avr/4.3.3/avr5\libgcc.a(_div_sf.o)
 .debug_loc     0x00000522       0x3c f:/embided_deblom/amit/programs/avr_tool/sdk/sdk_win_64/sdk_win_64/winavr/bin/../lib/gcc/avr/4.3.3/avr5\libgcc.a(_gt_sf.o)
 .debug_loc     0x0000055e       0x3c f:/embided_deblom/amit/programs/avr_tool/sdk/sdk_win_64/sdk_win_64/winavr/bin/../lib/gcc/avr/4.3.3/avr5\libgcc.a(_ge_sf.o)
 .debug_loc     0x0000059a       0x3c f:/embided_deblom/amit/programs/avr_tool/sdk/sdk_win_64/sdk_win_64/winavr/bin/../lib/gcc/avr/4.3.3/avr5\libgcc.a(_lt_sf.o)
 .debug_loc     0x000005d6       0x7e f:/embided_deblom/amit/programs/avr_tool/sdk/sdk_win_64/sdk_win_64/winavr/bin/../lib/gcc/avr/4.3.3/avr5\libgcc.a(_sf_to_si.o)
 .debug_loc     0x00000654       0x4c f:/embided_deblom/amit/programs/avr_tool/sdk/sdk_win_64/sdk_win_64/winavr/bin/../lib/gcc/avr/4.3.3/avr5\libgcc.a(_usi_to_sf.o)
 .debug_loc     0x000006a0       0x94 f:/embided_deblom/amit/programs/avr_tool/sdk/sdk_win_64/sdk_win_64/winavr/bin/../lib/gcc/avr/4.3.3/avr5\libgcc.a(_clzsi2.o)
 .debug_loc     0x00000734      0x13e f:/embided_deblom/amit/programs/avr_tool/sdk/sdk_win_64/sdk_win_64/winavr/bin/../lib/gcc/avr/4.3.3/avr5\libgcc.a(_pack_sf.o)
 .debug_loc     0x00000872       0xac f:/embided_deblom/amit/programs/avr_tool/sdk/sdk_win_64/sdk_win_64/winavr/bin/../lib/gcc/avr/4.3.3/avr5\libgcc.a(_unpack_sf.o)
 .debug_loc     0x0000091e       0x50 f:/embided_deblom/amit/programs/avr_tool/sdk/sdk_win_64/sdk_win_64/winavr/bin/../lib/gcc/avr/4.3.3/avr5\libgcc.a(_fpcmp_parts_sf.o)

.debug_macinfo
 *(.debug_macinfo)
OUTPUT(C_ExamTask.elf elf32-avr)
LOAD linker stubs

.debug_ranges   0x00000000       0x50
 .debug_ranges  0x00000000       0x50 f:/embided_deblom/amit/programs/avr_tool/sdk/sdk_win_64/sdk_win_64/winavr/bin/../lib/gcc/avr/4.3.3/avr5\libgcc.a(_mul_sf.o)
